=== quantum_ecc: build_circuit (untrusted stage) ===

-- building circuit --
RANK4_LOWER class=4 original_ops=19961 new_ops=15573 symbolic_rank_gates=108 paired_macros=208 conditional_clean=true
FOLD20_T10_RANK4 j=0 last=true low=true old_ops=19961 ops=15573
RANK4_LOWER class=3 original_ops=104565 new_ops=89369 symbolic_rank_gates=896 paired_macros=1100 conditional_clean=true
FOLD20_T10_RANK4 j=0 last=false low=true old_ops=104565 ops=89369
FOLD20_T10_PHASELEASE_BLOCK block=0 j=0 ops=164418 T=85770 PASS
RANK4_LOWER class=4 original_ops=22983 new_ops=18497 symbolic_rank_gates=108 paired_macros=246 conditional_clean=true
FOLD20_T10_RANK4 j=1 last=true low=true old_ops=22983 ops=18497
RANK4_LOWER class=3 original_ops=73489 new_ops=63323 symbolic_rank_gates=704 paired_macros=828 conditional_clean=true
FOLD20_T10_RANK4 j=1 last=false low=true old_ops=73489 ops=63323
FOLD20_T10_PHASELEASE_BLOCK block=0 j=1 ops=141164 T=72234 PASS
RANK4_LOWER class=4 original_ops=24531 new_ops=19725 symbolic_rank_gates=108 paired_macros=252 conditional_clean=true
FOLD20_T10_RANK4 j=2 last=true low=true old_ops=24531 ops=19725
RANK4_LOWER class=3 original_ops=102927 new_ops=88319 symbolic_rank_gates=896 paired_macros=1082 conditional_clean=true
FOLD20_T10_RANK4 j=2 last=false low=true old_ops=102927 ops=88319
FOLD20_T10_PHASELEASE_BLOCK block=0 j=2 ops=167316 T=87798 PASS
RANK4_LOWER class=4 original_ops=17081 new_ops=13259 symbolic_rank_gates=84 paired_macros=116 conditional_clean=true
FOLD20_T10_RANK4 j=3 last=true low=true old_ops=17081 ops=13259
RANK4_LOWER class=3 original_ops=73877 new_ops=63319 symbolic_rank_gates=704 paired_macros=828 conditional_clean=true
FOLD20_T10_RANK4 j=3 last=false low=true old_ops=73877 ops=63319
FOLD20_T10_PHASELEASE_BLOCK block=0 j=3 ops=134930 T=68154 PASS
FOLD20_T10_PHASELEASE_PASS lanes=1261056 active=234774 C1=65220 M255=984 M256=774 shortA=54666 A253+=1872 terminal=321384 C256=6 weighted_forward_ops=9725248 weighted_forward_T=5023296; all saved geometries/all4passengerpairs+2random/packed3holes/dirty/phase/literalinverse; NOT fullstep or wholeQ793
	Command being timed: "prlimit --as=8000000000 timeout 1200s /home/agentyczny-zdzich/Desktop/projekty/ecdsa/.autoresearch/q792-memo-joint-20260913.s9u6rt86/stage-r04-workspace/target/release/build_circuit"
	User time (seconds): 7.02
	System time (seconds): 0.02
	Percent of CPU this job got: 99%
	Elapsed (wall clock) time (h:mm:ss or m:ss): 0:07.10
	Average shared text size (kbytes): 0
	Average unshared data size (kbytes): 0
	Average stack size (kbytes): 0
	Average total size (kbytes): 0
	Maximum resident set size (kbytes): 76408
	Average resident set size (kbytes): 0
	Major (requiring I/O) page faults: 0
	Minor (reclaiming a frame) page faults: 37309
	Voluntary context switches: 75
	Involuntary context switches: 52
	Swaps: 0
	File system inputs: 0
	File system outputs: 8
	Socket messages sent: 0
	Socket messages received: 0
	Signals delivered: 0
	Page size (bytes): 4096
	Exit status: 0
