=== quantum_ecc: build_circuit (untrusted stage) ===

-- building circuit --
FOLD20_PHASELEASE_R01_BUILT j=0 ops=87580 T=46051 interfaceQ=564
FOLD20_PHASELEASE_R01_CLOCK_PASS j=0 active=29952
FOLD20_PHASELEASE_R01_BUILT j=1 ops=108502 T=55049 interfaceQ=564
FOLD20_PHASELEASE_R01_CLOCK_PASS j=1 active=49664
FOLD20_PHASELEASE_R01_BUILT j=2 ops=88064 T=46195 interfaceQ=564
FOLD20_PHASELEASE_R01_CLOCK_PASS j=2 active=35072
FOLD20_PHASELEASE_R01_BUILT j=3 ops=107786 T=54905 interfaceQ=564
FOLD20_PHASELEASE_R01_CLOCK_PASS j=3 active=42240
R01_MEMO_EXPORT_PASS scalar_references_only=true native_simulation_executed=false
	Command being timed: "prlimit --as=8000000000 timeout 1200s /home/agentyczny-zdzich/Desktop/projekty/ecdsa/.autoresearch/q792-memo-joint-20260913.s9u6rt86/stage-r06-workspace/target/release/build_circuit"
	User time (seconds): 0.24
	System time (seconds): 0.29
	Percent of CPU this job got: 88%
	Elapsed (wall clock) time (h:mm:ss or m:ss): 0:00.60
	Average shared text size (kbytes): 0
	Average unshared data size (kbytes): 0
	Average stack size (kbytes): 0
	Average total size (kbytes): 0
	Maximum resident set size (kbytes): 47672
	Average resident set size (kbytes): 0
	Major (requiring I/O) page faults: 0
	Minor (reclaiming a frame) page faults: 11843
	Voluntary context switches: 10
	Involuntary context switches: 5
	Swaps: 0
	File system inputs: 0
	File system outputs: 19544
	Socket messages sent: 0
	Socket messages received: 0
	Signals delivered: 0
	Page size (bytes): 4096
	Exit status: 0
