=== quantum_ecc: build_circuit (untrusted stage) ===

-- building circuit --
RANK4_LOWER class=4 original_ops=18737 new_ops=14907 symbolic_rank_gates=108 paired_macros=208 conditional_clean=true
FOLD20_T10_RANK4 j=0 last=true low=true old_ops=18737 ops=14907
Q792_JOINT_CODEC held_predicates=16 all_existing_dirty=true restored=true
Q792_JOINT_CODEC held_predicates=16 all_existing_dirty=true restored=true
RANK4_LOWER class=3 original_ops=100521 new_ops=84885 symbolic_rank_gates=896 paired_macros=1030 conditional_clean=true
FOLD20_T10_RANK4 j=0 last=false low=true old_ops=100521 ops=84885
FOLD20_T10_PHASELEASE_BLOCK block=0 j=0 ops=159268 T=82218 PASS
RANK4_LOWER class=4 original_ops=21759 new_ops=17831 symbolic_rank_gates=108 paired_macros=246 conditional_clean=true
FOLD20_T10_RANK4 j=1 last=true low=true old_ops=21759 ops=17831
Q792_JOINT_CODEC held_predicates=13 all_existing_dirty=true restored=true
Q792_JOINT_CODEC held_predicates=13 all_existing_dirty=true restored=true
RANK4_LOWER class=3 original_ops=71325 new_ops=60707 symbolic_rank_gates=704 paired_macros=778 conditional_clean=true
FOLD20_T10_RANK4 j=1 last=false low=true old_ops=71325 ops=60707
FOLD20_T10_PHASELEASE_BLOCK block=0 j=1 ops=137882 T=69526 PASS
RANK4_LOWER class=4 original_ops=23307 new_ops=19059 symbolic_rank_gates=108 paired_macros=252 conditional_clean=true
FOLD20_T10_RANK4 j=2 last=true low=true old_ops=23307 ops=19059
Q792_JOINT_CODEC held_predicates=16 all_existing_dirty=true restored=true
Q792_JOINT_CODEC held_predicates=16 all_existing_dirty=true restored=true
RANK4_LOWER class=3 original_ops=99495 new_ops=83831 symbolic_rank_gates=896 paired_macros=1018 conditional_clean=true
FOLD20_T10_RANK4 j=2 last=false low=true old_ops=99495 ops=83831
FOLD20_T10_PHASELEASE_BLOCK block=0 j=2 ops=162162 T=84062 PASS
RANK4_LOWER class=4 original_ops=15857 new_ops=12593 symbolic_rank_gates=84 paired_macros=116 conditional_clean=true
FOLD20_T10_RANK4 j=3 last=true low=true old_ops=15857 ops=12593
Q792_JOINT_CODEC held_predicates=13 all_existing_dirty=true restored=true
Q792_JOINT_CODEC held_predicates=13 all_existing_dirty=true restored=true
RANK4_LOWER class=3 original_ops=71529 new_ops=60703 symbolic_rank_gates=704 paired_macros=778 conditional_clean=true
FOLD20_T10_RANK4 j=3 last=false low=true old_ops=71529 ops=60703
FOLD20_T10_PHASELEASE_BLOCK block=0 j=3 ops=131648 T=65446 PASS
FOLD20_T10_PHASELEASE_PASS lanes=1261056 active=234774 C1=65220 M255=984 M256=774 shortA=54666 A253+=1872 terminal=321384 C256=6 weighted_forward_ops=9455360 weighted_forward_T=4820032; all saved geometries/all4passengerpairs+2random/packed3holes/dirty/phase/literalinverse; NOT fullstep or wholeQ793
	Command being timed: "prlimit --as=8000000000 timeout 1200s /home/agentyczny-zdzich/Desktop/projekty/ecdsa/.autoresearch/q792-memo-joint-20260913.s9u6rt86/stage-r07-workspace/target/release/build_circuit"
	User time (seconds): 6.79
	System time (seconds): 0.02
	Percent of CPU this job got: 98%
	Elapsed (wall clock) time (h:mm:ss or m:ss): 0:06.90
	Average shared text size (kbytes): 0
	Average unshared data size (kbytes): 0
	Average stack size (kbytes): 0
	Average total size (kbytes): 0
	Maximum resident set size (kbytes): 75636
	Average resident set size (kbytes): 0
	Major (requiring I/O) page faults: 0
	Minor (reclaiming a frame) page faults: 29077
	Voluntary context switches: 73
	Involuntary context switches: 296
	Swaps: 0
	File system inputs: 0
	File system outputs: 8
	Socket messages sent: 0
	Socket messages received: 0
	Signals delivered: 0
	Page size (bytes): 4096
	Exit status: 0
