=== quantum_ecc: build_circuit (untrusted stage) ===

-- building circuit --
FOLD20_SIGN_PHASELEASE_BUILT j=0 rows=28022 ops=55607 T=27347
FOLD20_SIGN_PHASELEASE_BUILT j=1 rows=22150 ops=50515 T=24939
FOLD20_SIGN_PHASELEASE_BUILT j=2 rows=25452 ops=49801 T=23759
FOLD20_SIGN_PHASELEASE_BUILT j=3 rows=26864 ops=57009 T=27827
SIGN_MEMO_EXPORT_PASS scalar_references_only=true native_simulation_executed=false
	Command being timed: "prlimit --as=8000000000 timeout 1200s /home/agentyczny-zdzich/Desktop/projekty/ecdsa/.autoresearch/q792-memo-joint-20260913.s9u6rt86/stage-r08-workspace/target/release/build_circuit"
	User time (seconds): 1.52
	System time (seconds): 0.28
	Percent of CPU this job got: 95%
	Elapsed (wall clock) time (h:mm:ss or m:ss): 0:01.90
	Average shared text size (kbytes): 0
	Average unshared data size (kbytes): 0
	Average stack size (kbytes): 0
	Average total size (kbytes): 0
	Maximum resident set size (kbytes): 28088
	Average resident set size (kbytes): 0
	Major (requiring I/O) page faults: 0
	Minor (reclaiming a frame) page faults: 6955
	Voluntary context switches: 24
	Involuntary context switches: 26
	Swaps: 0
	File system inputs: 0
	File system outputs: 26496
	Socket messages sent: 0
	Socket messages received: 0
	Signals delivered: 0
	Page size (bytes): 4096
	Exit status: 0
